{
  "batchId": "1",
  "log": "",
  "value": {
    "type": 2,
    "map": [
      {
        "key": {
          "type": 0,
          "lit": "jobs"
        },
        "value": {
          "type": 2,
          "map": [
            {
              "key": {
                "type": 0,
                "lit": "build"
              },
              "value": {
                "type": 2,
                "map": [
                  {
                    "key": {
                      "type": 0,
                      "lit": "runs-on"
                    },
                    "value": {
                      "type": 0,
                      "lit": "ubuntu-latest"
                    }
                  },
                  {
                    "key": {
                      "type": 0,
                      "lit": "steps"
                    },
                    "value": {
                      "type": 1,
                      "seq": [
                        {
                          "type": 2,
                          "map": [
                            {
                              "key": {
                                "type": 0,
                                "lit": "run"
                              },
                              "value": {
                                "type": 0,
                                "lit": "echo hi"
                              }
                            }
                          ]
                        }
                      ]
                    }
                  }
                ]
              }
            }
          ]
        }
      }
    ]
  },
  "errors": []
}
---
{
  "batchId": "2",
  "log": "",
  "value": {
    "type": 2,
    "map": [
      {
        "key": {
          "type": 0,
          "lit": "jobs"
        },
        "value": {
          "type": 2,
          "map": [
            {
              "key": {
                "type": 0,
                "lit": "build"
              },
              "value": {
                "type": 2,
                "map": [
                  {
                    "key": {
                      "type": 0,
                      "lit": "runs-on"
                    },
                    "value": {
                      "type": 0,
                      "lit": "ubuntu-latest"
                    }
                  },
                  {
                    "key": {
                      "type": 0,
                      "lit": "steps"
                    },
                    "value": {
                      "type": 1,
                      "seq": [
                        {
                          "type": 2,
                          "map": [
                            {
                              "key": {
                                "type": 0,
                                "lit": "run"
                              },
                              "value": {
                                "type": 3,
                                "expr": "format('echo sha={0}', github.sha)"
                              }
                            }
                          ]
                        }
                      ]
                    }
                  }
                ]
              }
            }
          ]
        }
      }
    ]
  },
  "errors": []
}
---
{
  "batchId": "3",
  "log": "",
  "value": {
    "type": 2,
    "map": [
      {
        "key": {
          "type": 0,
          "lit": "jobs"
        },
        "value": {
          "type": 2,
          "map": [
            {
              "key": {
                "type": 0,
                "lit": "build"
              },
              "value": {
                "type": 2,
                "map": [
                  {
                    "key": {
                      "type": 0,
                      "lit": "strategy"
                    },
                    "value": {
                      "type": 2,
                      "map": [
                        {
                          "key": {
                            "type": 0,
                            "lit": "matrix"
                          },
                          "value": {
                            "type": 2,
                            "map": [
                              {
                                "key": {
                                  "type": 0,
                                  "lit": "arch"
                                },
                                "value": {
                                  "type": 3,
                                  "expr": "fromJson(needs.compute-matrix.outputs.arch-array)"
                                }
                              },
                              {
                                "key": {
                                  "type": 0,
                                  "lit": "os"
                                },
                                "value": {
                                  "type": 1,
                                  "seq": [
                                    {
                                      "type": 3,
                                      "expr": "fromJson(needs.compute-matrix.outputs.os-array)"
                                    }
                                  ]
                                }
                              }
                            ]
                          }
                        }
                      ]
                    }
                  },
                  {
                    "key": {
                      "type": 0,
                      "lit": "runs-on"
                    },
                    "value": {
                      "type": 3,
                      "expr": "matrix.os"
                    }
                  },
                  {
                    "key": {
                      "type": 0,
                      "lit": "steps"
                    },
                    "value": {
                      "type": 1,
                      "seq": [
                        {
                          "type": 2,
                          "map": [
                            {
                              "key": {
                                "type": 0,
                                "lit": "run"
                              },
                              "value": {
                                "type": 3,
                                "expr": "format('build {0}', matrix.arch)"
                              }
                            }
                          ]
                        }
                      ]
                    }
                  }
                ]
              }
            }
          ]
        }
      }
    ]
  },
  "errors": []
}
---
